[1.052s] DEBUG:colcon:Command line arguments: ['/usr/bin/colcon', 'build', '--packages-select', 'prp_project']
[1.052s] DEBUG:colcon:Parsed command line arguments: Namespace(log_base=None, log_level=None, verb_name='build', build_base='build', install_base='install', merge_install=False, symlink_install=False, test_result_base=None, continue_on_error=False, executor='parallel', parallel_workers=4, event_handlers=None, ignore_user_meta=False, metas=['./colcon.meta'], base_paths=['.'], packages_ignore=None, packages_ignore_regex=None, paths=None, packages_up_to=None, packages_up_to_regex=None, packages_above=None, packages_above_and_dependencies=None, packages_above_depth=None, packages_select_by_dep=None, packages_skip_by_dep=None, packages_skip_up_to=None, packages_select_build_failed=False, packages_skip_build_finished=False, packages_select_test_failures=False, packages_skip_test_passed=False, packages_select=['prp_project'], packages_skip=None, packages_select_regex=None, packages_skip_regex=None, packages_start=None, packages_end=None, allow_overriding=[], cmake_args=None, cmake_target=None, cmake_target_skip_unavailable=False, cmake_clean_cache=False, cmake_clean_first=False, cmake_force_configure=False, ament_cmake_args=None, catkin_cmake_args=None, catkin_skip_building_tests=False, mixin_files=None, mixin=None, verb_parser=<colcon_mixin.mixin.mixin_argument.MixinArgumentDecorator object at 0x76a3c8d59ea0>, verb_extension=<colcon_core.verb.build.BuildVerb object at 0x76a3c8d598d0>, main=<bound method BuildVerb.main of <colcon_core.verb.build.BuildVerb object at 0x76a3c8d598d0>>, mixin_verb=('build',))
[1.977s] Level 1:colcon.colcon_core.package_discovery:discover_packages(colcon_meta) check parameters
[1.977s] Level 1:colcon.colcon_core.package_discovery:discover_packages(recursive) check parameters
[1.978s] Level 1:colcon.colcon_core.package_discovery:discover_packages(ignore) check parameters
[1.978s] Level 1:colcon.colcon_core.package_discovery:discover_packages(path) check parameters
[1.978s] Level 1:colcon.colcon_core.package_discovery:discover_packages(colcon_meta) discover
[1.978s] Level 1:colcon.colcon_core.package_discovery:discover_packages(recursive) discover
[1.978s] INFO:colcon.colcon_core.package_discovery:Crawling recursively for packages in '/home/marek/bpc-prp-drochecmara'
[1.978s] Level 1:colcon.colcon_core.package_identification:_identify(.) by extensions ['ignore', 'ignore_ament_install']
[1.979s] Level 1:colcon.colcon_core.package_identification:_identify(.) by extension 'ignore'
[1.979s] Level 1:colcon.colcon_core.package_identification:_identify(.) by extension 'ignore_ament_install'
[1.980s] Level 1:colcon.colcon_core.package_identification:_identify(.) by extensions ['colcon_pkg']
[1.980s] Level 1:colcon.colcon_core.package_identification:_identify(.) by extension 'colcon_pkg'
[1.980s] Level 1:colcon.colcon_core.package_identification:_identify(.) by extensions ['colcon_meta']
[1.980s] Level 1:colcon.colcon_core.package_identification:_identify(.) by extension 'colcon_meta'
[1.980s] Level 1:colcon.colcon_core.package_identification:_identify(.) by extensions ['ros']
[1.980s] Level 1:colcon.colcon_core.package_identification:_identify(.) by extension 'ros'
[2.034s] DEBUG:colcon.colcon_core.package_identification:Package '.' with type 'ros.ament_cmake' and name 'prp_project'
[2.034s] Level 1:colcon.colcon_core.package_discovery:discover_packages(recursive) using defaults
[2.035s] Level 1:colcon.colcon_core.package_discovery:discover_packages(ignore) discover
[2.035s] Level 1:colcon.colcon_core.package_discovery:discover_packages(ignore) using defaults
[2.035s] Level 1:colcon.colcon_core.package_discovery:discover_packages(path) discover
[2.035s] Level 1:colcon.colcon_core.package_discovery:discover_packages(path) using defaults
[2.167s] Level 1:colcon.colcon_core.package_discovery:discover_packages(prefix_path) check parameters
[2.167s] Level 1:colcon.colcon_core.package_discovery:discover_packages(prefix_path) discover
[2.185s] DEBUG:colcon.colcon_installed_package_information.package_discovery:Found 276 installed packages in /opt/ros/humble
[2.191s] Level 1:colcon.colcon_core.package_discovery:discover_packages(prefix_path) using defaults
[2.452s] Level 5:colcon.colcon_core.verb:set package 'prp_project' build argument 'cmake_args' from command line to 'None'
[2.453s] Level 5:colcon.colcon_core.verb:set package 'prp_project' build argument 'cmake_target' from command line to 'None'
[2.453s] Level 5:colcon.colcon_core.verb:set package 'prp_project' build argument 'cmake_target_skip_unavailable' from command line to 'False'
[2.453s] Level 5:colcon.colcon_core.verb:set package 'prp_project' build argument 'cmake_clean_cache' from command line to 'False'
[2.453s] Level 5:colcon.colcon_core.verb:set package 'prp_project' build argument 'cmake_clean_first' from command line to 'False'
[2.453s] Level 5:colcon.colcon_core.verb:set package 'prp_project' build argument 'cmake_force_configure' from command line to 'False'
[2.453s] Level 5:colcon.colcon_core.verb:set package 'prp_project' build argument 'ament_cmake_args' from command line to 'None'
[2.453s] Level 5:colcon.colcon_core.verb:set package 'prp_project' build argument 'catkin_cmake_args' from command line to 'None'
[2.453s] Level 5:colcon.colcon_core.verb:set package 'prp_project' build argument 'catkin_skip_building_tests' from command line to 'False'
[2.453s] DEBUG:colcon.colcon_core.verb:Building package 'prp_project' with the following arguments: {'ament_cmake_args': None, 'build_base': '/home/marek/bpc-prp-drochecmara/build/prp_project', 'catkin_cmake_args': None, 'catkin_skip_building_tests': False, 'cmake_args': None, 'cmake_clean_cache': False, 'cmake_clean_first': False, 'cmake_force_configure': False, 'cmake_target': None, 'cmake_target_skip_unavailable': False, 'install_base': '/home/marek/bpc-prp-drochecmara/install/prp_project', 'merge_install': False, 'path': '/home/marek/bpc-prp-drochecmara', 'symlink_install': False, 'test_result_base': None}
[2.454s] INFO:colcon.colcon_core.executor:Executing jobs using 'parallel' executor
[2.457s] DEBUG:colcon.colcon_parallel_executor.executor.parallel:run_until_complete
[2.459s] INFO:colcon.colcon_ros.task.ament_cmake.build:Building ROS package in '/home/marek/bpc-prp-drochecmara' with build type 'ament_cmake'
[2.459s] INFO:colcon.colcon_cmake.task.cmake.build:Building CMake package in '/home/marek/bpc-prp-drochecmara'
[2.472s] INFO:colcon.colcon_core.plugin_system:Skipping extension 'colcon_core.shell.bat': Not used on non-Windows systems
[2.473s] INFO:colcon.colcon_core.shell:Skip shell extension 'powershell' for command environment: Not usable outside of PowerShell
[2.473s] DEBUG:colcon.colcon_core.shell:Skip shell extension 'dsv' for command environment
[2.514s] DEBUG:colcon.colcon_core.event_handler.log_command:Invoking command in '/home/marek/bpc-prp-drochecmara/build/prp_project': CMAKE_PREFIX_PATH=/opt/ros/humble /usr/bin/cmake --build /home/marek/bpc-prp-drochecmara/build/prp_project -- -j4 -l4
[486.960s] DEBUG:colcon.colcon_core.event_handler.log_command:Invoked command in '/home/marek/bpc-prp-drochecmara/build/prp_project' returned '2': CMAKE_PREFIX_PATH=/opt/ros/humble /usr/bin/cmake --build /home/marek/bpc-prp-drochecmara/build/prp_project -- -j4 -l4
[487.132s] Level 1:colcon.colcon_core.environment:create_environment_scripts_only(prp_project)
[487.313s] Level 1:colcon.colcon_core.environment:checking '/home/marek/bpc-prp-drochecmara/install/prp_project' for CMake module files
[487.321s] Level 1:colcon.colcon_core.environment:checking '/home/marek/bpc-prp-drochecmara/install/prp_project' for CMake config files
[487.338s] Level 1:colcon.colcon_core.environment:checking '/home/marek/bpc-prp-drochecmara/install/prp_project/bin'
[487.339s] Level 1:colcon.colcon_core.environment:checking '/home/marek/bpc-prp-drochecmara/install/prp_project/lib/pkgconfig/prp_project.pc'
[487.360s] Level 1:colcon.colcon_core.environment:checking '/home/marek/bpc-prp-drochecmara/install/prp_project/lib/python3.10/site-packages'
[487.362s] Level 1:colcon.colcon_core.environment:checking '/home/marek/bpc-prp-drochecmara/install/prp_project/bin'
[487.365s] INFO:colcon.colcon_core.shell:Creating package script '/home/marek/bpc-prp-drochecmara/install/prp_project/share/prp_project/package.ps1'
[487.422s] INFO:colcon.colcon_core.shell:Creating package descriptor '/home/marek/bpc-prp-drochecmara/install/prp_project/share/prp_project/package.dsv'
[487.431s] INFO:colcon.colcon_core.shell:Creating package script '/home/marek/bpc-prp-drochecmara/install/prp_project/share/prp_project/package.sh'
[487.435s] INFO:colcon.colcon_core.shell:Creating package script '/home/marek/bpc-prp-drochecmara/install/prp_project/share/prp_project/package.bash'
[487.440s] INFO:colcon.colcon_core.shell:Creating package script '/home/marek/bpc-prp-drochecmara/install/prp_project/share/prp_project/package.zsh'
[487.448s] Level 1:colcon.colcon_core.environment:create_file_with_runtime_dependencies(/home/marek/bpc-prp-drochecmara/install/prp_project/share/colcon-core/packages/prp_project)
[487.480s] DEBUG:colcon.colcon_parallel_executor.executor.parallel:closing loop
[487.487s] DEBUG:colcon.colcon_parallel_executor.executor.parallel:loop closed
[487.489s] DEBUG:colcon.colcon_parallel_executor.executor.parallel:run_until_complete finished with '2'
[487.494s] DEBUG:colcon.colcon_core.event_reactor:joining thread
[487.656s] INFO:colcon.colcon_core.plugin_system:Skipping extension 'colcon_notification.desktop_notification.terminal_notifier': Not used on non-Darwin systems
[487.658s] INFO:colcon.colcon_core.plugin_system:Skipping extension 'colcon_notification.desktop_notification.win32': Not used on non-Windows systems
[487.659s] INFO:colcon.colcon_notification.desktop_notification:Sending desktop notification using 'notify2'
[487.663s] DEBUG:colcon.colcon_notification.desktop_notification.notify2:Failed to initialize notify2: org.freedesktop.DBus.Error.AccessDenied: Failed to connect to socket /run/user/1000/bus: Operation not permitted
[487.665s] DEBUG:colcon.colcon_core.event_reactor:joined thread
[487.671s] INFO:colcon.colcon_core.shell:Creating prefix script '/home/marek/bpc-prp-drochecmara/install/local_setup.ps1'
[487.678s] INFO:colcon.colcon_core.shell:Creating prefix util module '/home/marek/bpc-prp-drochecmara/install/_local_setup_util_ps1.py'
[487.683s] INFO:colcon.colcon_core.shell:Creating prefix chain script '/home/marek/bpc-prp-drochecmara/install/setup.ps1'
[487.692s] INFO:colcon.colcon_core.shell:Creating prefix script '/home/marek/bpc-prp-drochecmara/install/local_setup.sh'
[487.695s] INFO:colcon.colcon_core.shell:Creating prefix util module '/home/marek/bpc-prp-drochecmara/install/_local_setup_util_sh.py'
[487.699s] INFO:colcon.colcon_core.shell:Creating prefix chain script '/home/marek/bpc-prp-drochecmara/install/setup.sh'
[487.704s] INFO:colcon.colcon_core.shell:Creating prefix script '/home/marek/bpc-prp-drochecmara/install/local_setup.bash'
[487.709s] INFO:colcon.colcon_core.shell:Creating prefix chain script '/home/marek/bpc-prp-drochecmara/install/setup.bash'
[487.713s] INFO:colcon.colcon_core.shell:Creating prefix script '/home/marek/bpc-prp-drochecmara/install/local_setup.zsh'
[487.715s] INFO:colcon.colcon_core.shell:Creating prefix chain script '/home/marek/bpc-prp-drochecmara/install/setup.zsh'
