-- The C compiler identification is GNU 11.4.0
-- The CXX compiler identification is GNU 11.4.0
-- Detecting C compiler ABI info
-- Detecting C compiler ABI info - done
-- Check for working C compiler: /usr/bin/cc - skipped
-- Detecting C compile features
-- Detecting C compile features - done
-- Detecting CXX compiler ABI info
-- Detecting CXX compiler ABI info - done
-- Check for working CXX compiler: /usr/bin/c++ - skipped
-- Detecting CXX compile features
-- Detecting CXX compile features - done
-- Found ament_cmake: 1.3.13 (/opt/ros/humble/share/ament_cmake/cmake)
-- Found Python3: /usr/bin/python3 (found version "3.10.12") found components: Interpreter 
-- Found rclcpp: 16.0.18 (/opt/ros/humble/share/rclcpp/cmake)
-- Found rosidl_generator_c: 3.1.8 (/opt/ros/humble/share/rosidl_generator_c/cmake)
-- Found rosidl_adapter: 3.1.8 (/opt/ros/humble/share/rosidl_adapter/cmake)
-- Found rosidl_generator_cpp: 3.1.8 (/opt/ros/humble/share/rosidl_generator_cpp/cmake)
-- Using all available rosidl_typesupport_c: rosidl_typesupport_fastrtps_c;rosidl_typesupport_introspection_c
-- Using all available rosidl_typesupport_cpp: rosidl_typesupport_fastrtps_cpp;rosidl_typesupport_introspection_cpp
-- Found rmw_implementation_cmake: 6.1.2 (/opt/ros/humble/share/rmw_implementation_cmake/cmake)
-- Found rmw_fastrtps_cpp: 6.2.10 (/opt/ros/humble/share/rmw_fastrtps_cpp/cmake)
-- Found OpenSSL: /usr/lib/x86_64-linux-gnu/libcrypto.so (found version "3.0.2")  
-- Found FastRTPS: /opt/ros/humble/include  
-- Using RMW implementation 'rmw_fastrtps_cpp' as default
-- Looking for pthread.h
-- Looking for pthread.h - found
-- Performing Test CMAKE_HAVE_LIBC_PTHREAD
-- Performing Test CMAKE_HAVE_LIBC_PTHREAD - Success
-- Found Threads: TRUE  
-- Found sensor_msgs: 4.9.1 (/opt/ros/humble/share/sensor_msgs/cmake)
-- Found cv_bridge: 3.2.1 (/opt/ros/humble/share/cv_bridge/cmake)
-- Found image_transport: 3.1.12 (/opt/ros/humble/share/image_transport/cmake)
-- Found OpenCV: /usr (found version "4.5.4") 
-- Found visualization_msgs: 4.9.1 (/opt/ros/humble/share/visualization_msgs/cmake)
-- Found rosidl_default_generators: 1.2.0 (/opt/ros/humble/share/rosidl_default_generators/cmake)
-- Found ament_cmake_ros: 0.10.0 (/opt/ros/humble/share/ament_cmake_ros/cmake)
-- Using all available rosidl_typesupport_c: rosidl_typesupport_fastrtps_c;rosidl_typesupport_introspection_c
-- Using all available rosidl_typesupport_cpp: rosidl_typesupport_fastrtps_cpp;rosidl_typesupport_introspection_cpp
-- Found PythonInterp: /usr/bin/python3 (found suitable version "3.10.12", minimum required is "3.6") 
-- Found python_cmake_module: 0.10.0 (/opt/ros/humble/share/python_cmake_module/cmake)
-- Found PythonLibs: /usr/lib/x86_64-linux-gnu/libpython3.10.so (found suitable version "3.10.12", minimum required is "3.5") 
-- Using PYTHON_EXECUTABLE: /usr/bin/python3
-- Using PYTHON_INCLUDE_DIRS: /usr/include/python3.10
-- Using PYTHON_LIBRARIES: /usr/lib/x86_64-linux-gnu/libpython3.10.so
-- Found PythonExtra: .so  
CMake Deprecation Warning at /opt/ros/humble/share/rosidl_cmake/cmake/rosidl_target_interfaces.cmake:32 (message):
  Use rosidl_get_typesupport_target() and target_link_libraries() instead of
  rosidl_target_interfaces()
Call Stack (most recent call first):
  CMakeLists.txt:59 (rosidl_target_interfaces)


-- Found gtest sources under '/opt/ros/humble/src/gtest_vendor': C++ tests using 'Google Test' will be built
-- Configuring done
-- Generating done
-- Build files have been written to: /home/marek/bpc-prp-drochecmara/build/prp_project
[  1%] Generating C++ code for ROS interfaces
[  1%] Built target prp_project__cpp
[  2%] Building CXX object gtest/CMakeFiles/gtest_main.dir/src/gtest_main.cc.o
[  4%] Linking CXX static library libgtest_main.a
[  4%] Built target gtest_main
[  5%] Building CXX object gtest/CMakeFiles/gtest.dir/src/gtest-all.cc.o
[  7%] Linking CXX static library libgtest.a
[  7%] Built target gtest
[  8%] Generating C++ type support dispatch for ROS interfaces
[ 10%] Building CXX object CMakeFiles/prp_project__rosidl_typesupport_cpp.dir/rosidl_typesupport_cpp/prp_project/srv/button_cmd__type_support.cpp.o
[ 11%] Building CXX object CMakeFiles/prp_project__rosidl_typesupport_cpp.dir/rosidl_typesupport_cpp/prp_project/srv/calibrate_trigger__type_support.cpp.o
[ 13%] Building CXX object CMakeFiles/prp_project__rosidl_typesupport_cpp.dir/rosidl_typesupport_cpp/prp_project/srv/reset_yaw_trigger__type_support.cpp.o
[ 14%] Linking CXX shared library libprp_project__rosidl_typesupport_cpp.so
[ 14%] Built target prp_project__rosidl_typesupport_cpp
[ 16%] Generating C++ type support for eProsima Fast-RTPS
[ 17%] Building CXX object CMakeFiles/prp_project__rosidl_typesupport_fastrtps_cpp.dir/rosidl_typesupport_fastrtps_cpp/prp_project/srv/detail/dds_fastrtps/button_cmd__type_support.cpp.o
[ 19%] Building CXX object CMakeFiles/prp_project__rosidl_typesupport_fastrtps_cpp.dir/rosidl_typesupport_fastrtps_cpp/prp_project/srv/detail/dds_fastrtps/calibrate_trigger__type_support.cpp.o
[ 20%] Building CXX object CMakeFiles/prp_project__rosidl_typesupport_fastrtps_cpp.dir/rosidl_typesupport_fastrtps_cpp/prp_project/srv/detail/dds_fastrtps/reset_yaw_trigger__type_support.cpp.o
[ 22%] Linking CXX shared library libprp_project__rosidl_typesupport_fastrtps_cpp.so
[ 22%] Built target prp_project__rosidl_typesupport_fastrtps_cpp
[ 23%] Generating C++ introspection for ROS interfaces
[ 25%] Building CXX object CMakeFiles/prp_project__rosidl_typesupport_introspection_cpp.dir/rosidl_typesupport_introspection_cpp/prp_project/srv/detail/button_cmd__type_support.cpp.o
[ 26%] Building CXX object CMakeFiles/prp_project__rosidl_typesupport_introspection_cpp.dir/rosidl_typesupport_introspection_cpp/prp_project/srv/detail/calibrate_trigger__type_support.cpp.o
[ 28%] Building CXX object CMakeFiles/prp_project__rosidl_typesupport_introspection_cpp.dir/rosidl_typesupport_introspection_cpp/prp_project/srv/detail/reset_yaw_trigger__type_support.cpp.o
[ 29%] Linking CXX shared library libprp_project__rosidl_typesupport_introspection_cpp.so
[ 29%] Built target prp_project__rosidl_typesupport_introspection_cpp
[ 31%] Building CXX object tests/CMakeFiles/t_kinematics.dir/t_kinematics.cpp.o
[ 32%] Building CXX object tests/CMakeFiles/t_kinematics.dir/__/src/algorithms/kinematics.cpp.o
/home/marek/bpc-prp-drochecmara/src/algorithms/kinematics.cpp:106:6: error: expected ‘}’ at end of input
  106 |     }
      |      ^
/home/marek/bpc-prp-drochecmara/src/algorithms/kinematics.cpp:5:22: note: to match this ‘{’
    5 | namespace algorithms {
      |                      ^
gmake[2]: *** [tests/CMakeFiles/t_kinematics.dir/build.make:90: tests/CMakeFiles/t_kinematics.dir/__/src/algorithms/kinematics.cpp.o] Error 1
gmake[1]: *** [CMakeFiles/Makefile2:683: tests/CMakeFiles/t_kinematics.dir/all] Error 2
gmake: *** [Makefile:146: all] Error 2
