[0.064s] Invoking command in '/home/marek/bpc-prp-drochecmara/build/prp_project': CMAKE_PREFIX_PATH=/opt/ros/humble /usr/bin/cmake /home/marek/bpc-prp-drochecmara -DCMAKE_INSTALL_PREFIX=/home/marek/bpc-prp-drochecmara/install/prp_project
[0.609s] -- The C compiler identification is GNU 11.4.0
[0.964s] -- The CXX compiler identification is GNU 11.4.0
[1.002s] -- Detecting C compiler ABI info
[1.371s] -- Detecting C compiler ABI info - done
[1.404s] -- Check for working C compiler: /usr/bin/cc - skipped
[1.405s] -- Detecting C compile features
[1.412s] -- Detecting C compile features - done
[1.426s] -- Detecting CXX compiler ABI info
[1.758s] -- Detecting CXX compiler ABI info - done
[1.782s] -- Check for working CXX compiler: /usr/bin/c++ - skipped
[1.786s] -- Detecting CXX compile features
[1.786s] -- Detecting CXX compile features - done
[1.837s] -- Found ament_cmake: 1.3.13 (/opt/ros/humble/share/ament_cmake/cmake)
[2.327s] -- Found Python3: /usr/bin/python3 (found version "3.10.12") found components: Interpreter 
[2.735s] -- Found rclcpp: 16.0.18 (/opt/ros/humble/share/rclcpp/cmake)
[2.925s] -- Found rosidl_generator_c: 3.1.8 (/opt/ros/humble/share/rosidl_generator_c/cmake)
[2.947s] -- Found rosidl_adapter: 3.1.8 (/opt/ros/humble/share/rosidl_adapter/cmake)
[2.981s] -- Found rosidl_generator_cpp: 3.1.8 (/opt/ros/humble/share/rosidl_generator_cpp/cmake)
[3.040s] -- Using all available rosidl_typesupport_c: rosidl_typesupport_fastrtps_c;rosidl_typesupport_introspection_c
[3.109s] -- Using all available rosidl_typesupport_cpp: rosidl_typesupport_fastrtps_cpp;rosidl_typesupport_introspection_cpp
[3.321s] -- Found rmw_implementation_cmake: 6.1.2 (/opt/ros/humble/share/rmw_implementation_cmake/cmake)
[3.334s] -- Found rmw_fastrtps_cpp: 6.2.10 (/opt/ros/humble/share/rmw_fastrtps_cpp/cmake)
[3.671s] -- Found OpenSSL: /usr/lib/x86_64-linux-gnu/libcrypto.so (found version "3.0.2")  
[3.742s] -- Found FastRTPS: /opt/ros/humble/include  
[3.844s] -- Using RMW implementation 'rmw_fastrtps_cpp' as default
[3.891s] -- Looking for pthread.h
[4.216s] -- Looking for pthread.h - found
[4.217s] -- Performing Test CMAKE_HAVE_LIBC_PTHREAD
[4.573s] -- Performing Test CMAKE_HAVE_LIBC_PTHREAD - Success
[4.577s] -- Found Threads: TRUE  
[4.939s] -- Found sensor_msgs: 4.9.1 (/opt/ros/humble/share/sensor_msgs/cmake)
[5.082s] -- Found cv_bridge: 3.2.1 (/opt/ros/humble/share/cv_bridge/cmake)
[5.128s] -- Found image_transport: 3.1.12 (/opt/ros/humble/share/image_transport/cmake)
[5.262s] -- Found OpenCV: /usr (found version "4.5.4") 
[5.278s] -- Found visualization_msgs: 4.9.1 (/opt/ros/humble/share/visualization_msgs/cmake)
[5.449s] -- Found rosidl_default_generators: 1.2.0 (/opt/ros/humble/share/rosidl_default_generators/cmake)
[6.498s] -- Found ament_cmake_ros: 0.10.0 (/opt/ros/humble/share/ament_cmake_ros/cmake)
[7.663s] -- Using all available rosidl_typesupport_c: rosidl_typesupport_fastrtps_c;rosidl_typesupport_introspection_c
[8.116s] -- Using all available rosidl_typesupport_cpp: rosidl_typesupport_fastrtps_cpp;rosidl_typesupport_introspection_cpp
[8.223s] -- Found PythonInterp: /usr/bin/python3 (found suitable version "3.10.12", minimum required is "3.6") 
[8.231s] -- Found python_cmake_module: 0.10.0 (/opt/ros/humble/share/python_cmake_module/cmake)
[8.383s] -- Found PythonLibs: /usr/lib/x86_64-linux-gnu/libpython3.10.so (found suitable version "3.10.12", minimum required is "3.5") 
[8.387s] -- Using PYTHON_EXECUTABLE: /usr/bin/python3
[8.387s] -- Using PYTHON_INCLUDE_DIRS: /usr/include/python3.10
[8.388s] -- Using PYTHON_LIBRARIES: /usr/lib/x86_64-linux-gnu/libpython3.10.so
[8.463s] -- Found PythonExtra: .so  
[8.636s] CMake Deprecation Warning at /opt/ros/humble/share/rosidl_cmake/cmake/rosidl_target_interfaces.cmake:32 (message):
[8.636s]   Use rosidl_get_typesupport_target() and target_link_libraries() instead of
[8.637s]   rosidl_target_interfaces()
[8.639s] Call Stack (most recent call first):
[8.639s]   CMakeLists.txt:59 (rosidl_target_interfaces)
[8.639s] 
[8.639s] 
[8.701s] -- Found gtest sources under '/opt/ros/humble/src/gtest_vendor': C++ tests using 'Google Test' will be built
[8.715s] -- Configuring done
[8.864s] -- Generating done
[8.930s] -- Build files have been written to: /home/marek/bpc-prp-drochecmara/build/prp_project
[8.990s] Invoked command in '/home/marek/bpc-prp-drochecmara/build/prp_project' returned '0': CMAKE_PREFIX_PATH=/opt/ros/humble /usr/bin/cmake /home/marek/bpc-prp-drochecmara -DCMAKE_INSTALL_PREFIX=/home/marek/bpc-prp-drochecmara/install/prp_project
[9.002s] Invoking command in '/home/marek/bpc-prp-drochecmara/build/prp_project': CMAKE_PREFIX_PATH=/opt/ros/humble /usr/bin/cmake --build /home/marek/bpc-prp-drochecmara/build/prp_project -- -j4 -l4
[9.276s] [  1%] Generating C++ code for ROS interfaces
[10.985s] [  1%] Built target prp_project__cpp
[11.052s] [  2%] Building CXX object gtest/CMakeFiles/gtest_main.dir/src/gtest_main.cc.o
[14.330s] [  4%] Linking CXX static library libgtest_main.a
[15.022s] [  4%] Built target gtest_main
[15.091s] [  5%] Building CXX object gtest/CMakeFiles/gtest.dir/src/gtest-all.cc.o
[24.963s] [  7%] Linking CXX static library libgtest.a
[25.286s] [  7%] Built target gtest
[25.343s] [  8%] Generating C++ type support dispatch for ROS interfaces
[26.371s] [ 10%] Building CXX object CMakeFiles/prp_project__rosidl_typesupport_cpp.dir/rosidl_typesupport_cpp/prp_project/srv/button_cmd__type_support.cpp.o
[27.134s] [ 11%] Building CXX object CMakeFiles/prp_project__rosidl_typesupport_cpp.dir/rosidl_typesupport_cpp/prp_project/srv/calibrate_trigger__type_support.cpp.o
[27.757s] [ 13%] Building CXX object CMakeFiles/prp_project__rosidl_typesupport_cpp.dir/rosidl_typesupport_cpp/prp_project/srv/reset_yaw_trigger__type_support.cpp.o
[28.304s] [ 14%] Linking CXX shared library libprp_project__rosidl_typesupport_cpp.so
[28.471s] [ 14%] Built target prp_project__rosidl_typesupport_cpp
[28.515s] [ 16%] Generating C++ type support for eProsima Fast-RTPS
[29.630s] [ 17%] Building CXX object CMakeFiles/prp_project__rosidl_typesupport_fastrtps_cpp.dir/rosidl_typesupport_fastrtps_cpp/prp_project/srv/detail/dds_fastrtps/button_cmd__type_support.cpp.o
[30.549s] [ 19%] Building CXX object CMakeFiles/prp_project__rosidl_typesupport_fastrtps_cpp.dir/rosidl_typesupport_fastrtps_cpp/prp_project/srv/detail/dds_fastrtps/calibrate_trigger__type_support.cpp.o
[31.428s] [ 20%] Building CXX object CMakeFiles/prp_project__rosidl_typesupport_fastrtps_cpp.dir/rosidl_typesupport_fastrtps_cpp/prp_project/srv/detail/dds_fastrtps/reset_yaw_trigger__type_support.cpp.o
[32.291s] [ 22%] Linking CXX shared library libprp_project__rosidl_typesupport_fastrtps_cpp.so
[32.682s] [ 22%] Built target prp_project__rosidl_typesupport_fastrtps_cpp
[32.720s] [ 23%] Generating C++ introspection for ROS interfaces
[33.811s] [ 25%] Building CXX object CMakeFiles/prp_project__rosidl_typesupport_introspection_cpp.dir/rosidl_typesupport_introspection_cpp/prp_project/srv/detail/button_cmd__type_support.cpp.o
[34.652s] [ 26%] Building CXX object CMakeFiles/prp_project__rosidl_typesupport_introspection_cpp.dir/rosidl_typesupport_introspection_cpp/prp_project/srv/detail/calibrate_trigger__type_support.cpp.o
[35.514s] [ 28%] Building CXX object CMakeFiles/prp_project__rosidl_typesupport_introspection_cpp.dir/rosidl_typesupport_introspection_cpp/prp_project/srv/detail/reset_yaw_trigger__type_support.cpp.o
[36.291s] [ 29%] Linking CXX shared library libprp_project__rosidl_typesupport_introspection_cpp.so
[36.518s] [ 29%] Built target prp_project__rosidl_typesupport_introspection_cpp
[36.567s] [ 31%] Building CXX object tests/CMakeFiles/t_kinematics.dir/t_kinematics.cpp.o
[56.307s] [ 32%] Building CXX object tests/CMakeFiles/t_kinematics.dir/__/src/algorithms/kinematics.cpp.o
[56.649s] /home/marek/bpc-prp-drochecmara/src/algorithms/kinematics.cpp:106:6: error: expected ‘}’ at end of input
[56.650s]   106 |     }
[56.650s]       |      ^
[56.651s] /home/marek/bpc-prp-drochecmara/src/algorithms/kinematics.cpp:5:22: note: to match this ‘{’
[56.651s]     5 | namespace algorithms {
[56.651s]       |                      ^
[56.719s] gmake[2]: *** [tests/CMakeFiles/t_kinematics.dir/build.make:90: tests/CMakeFiles/t_kinematics.dir/__/src/algorithms/kinematics.cpp.o] Error 1
[56.723s] gmake[1]: *** [CMakeFiles/Makefile2:683: tests/CMakeFiles/t_kinematics.dir/all] Error 2
[56.752s] gmake: *** [Makefile:146: all] Error 2
[57.091s] Invoked command in '/home/marek/bpc-prp-drochecmara/build/prp_project' returned '2': CMAKE_PREFIX_PATH=/opt/ros/humble /usr/bin/cmake --build /home/marek/bpc-prp-drochecmara/build/prp_project -- -j4 -l4
