/home/marek/bpc-prp-drochecmara/src/loops/corridor_nav.cpp: In member function ‘void loops::CorridorNav::state_machine()’:
/home/marek/bpc-prp-drochecmara/src/loops/corridor_nav.cpp:37:26: error: ‘normalize_angle’ was not declared in this scope
   37 |         auto error_yaw = normalize_angle(set_yaw_ - yaw_estimate_);
      |                          ^~~~~~~~~~~~~~~
/home/marek/bpc-prp-drochecmara/src/loops/corridor_nav.cpp:58:21: error: ‘intersection_start_encoders_’ was not declared in this scope
   58 |                     intersection_start_encoders_ = current_encoders_;
      |                     ^~~~~~~~~~~~~~~~~~~~~~~~~~~~
/home/marek/bpc-prp-drochecmara/src/loops/corridor_nav.cpp:88:49: error: no matching function for call to ‘algorithms::Pid::step(float&)’
   88 |                 cmd_vel_.w = pid_centering_.step(error_lidar);
      |                              ~~~~~~~~~~~~~~~~~~~^~~~~~~~~~~~~
In file included from /home/marek/bpc-prp-drochecmara/include/loops/corridor_nav.hpp:16,
                 from /home/marek/bpc-prp-drochecmara/src/loops/corridor_nav.cpp:1:
/home/marek/bpc-prp-drochecmara/include/algorithms/pid.hpp:18:16: note: candidate: ‘double algorithms::Pid::step(double, double)’
   18 |         double step(double error,double dt) {
      |                ^~~~
/home/marek/bpc-prp-drochecmara/include/algorithms/pid.hpp:18:16: note:   candidate expects 2 arguments, 1 provided
/home/marek/bpc-prp-drochecmara/src/loops/corridor_nav.cpp:98:21: error: ‘statestop’ was not declared in this scope
   98 |                     statestop) {
      |                     ^~~~~~~~~
/home/marek/bpc-prp-drochecmara/src/loops/corridor_nav.cpp:103:54: error: ‘intersection_start_encoders_’ was not declared in this scope
  103 |                 if (calculate_distance_from_encoders(intersection_start_encoders_, current_encoders_) >= 0.15) {
      |                                                      ^~~~~~~~~~~~~~~~~~~~~~~~~~~~
/home/marek/bpc-prp-drochecmara/src/loops/corridor_nav.cpp:209:45: error: qualified-id in declaration before ‘(’ token
  209 |     void CorridorNav::send_calibrate_trigger(){
      |                                             ^
/home/marek/bpc-prp-drochecmara/src/loops/corridor_nav.cpp:214:37: error: qualified-id in declaration before ‘(’ token
  214 |     void CorridorNav::send_reset_yaw(){
      |                                     ^
/home/marek/bpc-prp-drochecmara/src/loops/corridor_nav.cpp:219:40: error: qualified-id in declaration before ‘(’ token
  219 |     void CorridorNav::button_cmd_handle(
      |                                        ^
/home/marek/bpc-prp-drochecmara/src/loops/corridor_nav.cpp:244:38: error: qualified-id in declaration before ‘(’ token
  244 |     void CorridorNav::publish_cmd_vel(){
      |                                      ^
/home/marek/bpc-prp-drochecmara/src/loops/corridor_nav.cpp:250:41: error: qualified-id in declaration before ‘(’ token
  250 |     void CorridorNav::range_est_callback(std_msgs::msg::Float32MultiArray::SharedPtr msg) {
      |                                         ^
/home/marek/bpc-prp-drochecmara/src/loops/corridor_nav.cpp:254:39: error: qualified-id in declaration before ‘(’ token
  254 |     void CorridorNav::yaw_est_callback(std_msgs::msg::Float32::SharedPtr msg) {
      |                                       ^
/home/marek/bpc-prp-drochecmara/src/loops/corridor_nav.cpp:258:40: error: qualified-id in declaration before ‘(’ token
  258 |     void CorridorNav::encoders_callback(std_msgs::msg::UInt32MultiArray::SharedPtr msg) {
      |                                        ^
/home/marek/bpc-prp-drochecmara/src/loops/corridor_nav.cpp:265:41: error: qualified-id in declaration before ‘(’ token
  265 |     void CorridorNav::set_state_callback(std_msgs::msg::UInt8::SharedPtr msg) {
      |                                         ^
/home/marek/bpc-prp-drochecmara/src/loops/corridor_nav.cpp:272:48: error: qualified-id in declaration before ‘(’ token
  272 |     void CorridorNav::encoder_distance_callback(std_msgs::msg::Float32::SharedPtr msg) {
      |                                                ^
/home/marek/bpc-prp-drochecmara/src/loops/corridor_nav.cpp: At global scope:
/home/marek/bpc-prp-drochecmara/src/loops/corridor_nav.cpp:276:2: error: expected ‘}’ at end of input
  276 | }
      |  ^
/home/marek/bpc-prp-drochecmara/src/loops/corridor_nav.cpp:8:17: note: to match this ‘{’
    8 | namespace loops {
      |                 ^
gmake[2]: *** [CMakeFiles/main.dir/build.make:216: CMakeFiles/main.dir/src/loops/corridor_nav.cpp.o] Error 1
gmake[1]: *** [CMakeFiles/Makefile2:630: CMakeFiles/main.dir/all] Error 2
gmake: *** [Makefile:146: all] Error 2
