[0.054s] Invoking command in '/home/marek/bpc-prp-drochecmara/build/prp_project': CMAKE_PREFIX_PATH=/opt/ros/humble /usr/bin/cmake --build /home/marek/bpc-prp-drochecmara/build/prp_project -- -j4 -l4
[0.312s] [  1%] Built target prp_project__cpp
[0.366s] Consolidate compiler generated dependencies of target gtest_main
[0.419s] [  4%] Built target gtest_main
[0.472s] Consolidate compiler generated dependencies of target gtest
[0.520s] [  7%] Built target gtest
[0.592s] Consolidate compiler generated dependencies of target prp_project__rosidl_typesupport_cpp
[0.639s] [ 14%] Built target prp_project__rosidl_typesupport_cpp
[0.725s] Consolidate compiler generated dependencies of target prp_project__rosidl_typesupport_fastrtps_cpp
[0.776s] [ 22%] Built target prp_project__rosidl_typesupport_fastrtps_cpp
[0.841s] Consolidate compiler generated dependencies of target prp_project__rosidl_typesupport_introspection_cpp
[0.900s] [ 29%] Built target prp_project__rosidl_typesupport_introspection_cpp
[0.937s] Consolidate compiler generated dependencies of target t_kinematics
[0.973s] [ 31%] Building CXX object tests/CMakeFiles/t_kinematics.dir/__/src/algorithms/kinematics.cpp.o
[1.601s] [ 32%] Linking CXX executable t_kinematics
[2.637s] [ 34%] Built target t_kinematics
[2.760s] [ 34%] Built target ament_cmake_python_copy_prp_project
[2.817s] [ 35%] Generating C code for ROS interfaces
[4.312s] [ 37%] Building C object CMakeFiles/prp_project__rosidl_generator_c.dir/rosidl_generator_c/prp_project/srv/detail/button_cmd__functions.c.o
[4.594s] [ 38%] Building C object CMakeFiles/prp_project__rosidl_generator_c.dir/rosidl_generator_c/prp_project/srv/detail/reset_yaw_trigger__functions.c.o
[4.778s] [ 40%] Building C object CMakeFiles/prp_project__rosidl_generator_c.dir/rosidl_generator_c/prp_project/srv/detail/calibrate_trigger__functions.c.o
[4.914s] [ 41%] Linking C shared library libprp_project__rosidl_generator_c.so
[5.014s] [ 41%] Built target prp_project__rosidl_generator_c
[5.726s] running egg_info
[5.729s] creating prp_project.egg-info
[5.730s] writing prp_project.egg-info/PKG-INFO
[5.730s] writing dependency_links to prp_project.egg-info/dependency_links.txt
[5.730s] writing top-level names to prp_project.egg-info/top_level.txt
[5.734s] writing manifest file 'prp_project.egg-info/SOURCES.txt'
[5.739s] reading manifest file 'prp_project.egg-info/SOURCES.txt'
[5.743s] writing manifest file 'prp_project.egg-info/SOURCES.txt'
[5.876s] [ 41%] Built target ament_cmake_python_build_prp_project_egg
[5.917s] [ 43%] Generating C type support dispatch for ROS interfaces
[6.798s] [ 44%] Building CXX object CMakeFiles/prp_project__rosidl_typesupport_c.dir/rosidl_typesupport_c/prp_project/srv/button_cmd__type_support.cpp.o
[6.909s] [ 46%] Building CXX object CMakeFiles/prp_project__rosidl_typesupport_c.dir/rosidl_typesupport_c/prp_project/srv/calibrate_trigger__type_support.cpp.o
[6.980s] [ 47%] Building CXX object CMakeFiles/prp_project__rosidl_typesupport_c.dir/rosidl_typesupport_c/prp_project/srv/reset_yaw_trigger__type_support.cpp.o
[7.045s] [ 49%] Linking CXX shared library libprp_project__rosidl_typesupport_c.so
[7.190s] [ 49%] Built target prp_project__rosidl_typesupport_c
[7.234s] [ 50%] Generating C introspection for ROS interfaces
[8.489s] [ 52%] Building C object CMakeFiles/prp_project__rosidl_typesupport_introspection_c.dir/rosidl_typesupport_introspection_c/prp_project/srv/detail/button_cmd__type_support.c.o
[8.650s] [ 53%] Building C object CMakeFiles/prp_project__rosidl_typesupport_introspection_c.dir/rosidl_typesupport_introspection_c/prp_project/srv/detail/reset_yaw_trigger__type_support.c.o
[8.799s] [ 55%] Building C object CMakeFiles/prp_project__rosidl_typesupport_introspection_c.dir/rosidl_typesupport_introspection_c/prp_project/srv/detail/calibrate_trigger__type_support.c.o
[8.887s] [ 56%] Linking C shared library libprp_project__rosidl_typesupport_introspection_c.so
[8.964s] [ 56%] Built target prp_project__rosidl_typesupport_introspection_c
[9.000s] [ 58%] Generating C type support for eProsima Fast-RTPS
[10.204s] [ 59%] Building CXX object CMakeFiles/prp_project__rosidl_typesupport_fastrtps_c.dir/rosidl_typesupport_fastrtps_c/prp_project/srv/detail/button_cmd__type_support_c.cpp.o
[11.040s] [ 61%] Building CXX object CMakeFiles/prp_project__rosidl_typesupport_fastrtps_c.dir/rosidl_typesupport_fastrtps_c/prp_project/srv/detail/reset_yaw_trigger__type_support_c.cpp.o
[11.810s] [ 62%] Building CXX object CMakeFiles/prp_project__rosidl_typesupport_fastrtps_c.dir/rosidl_typesupport_fastrtps_c/prp_project/srv/detail/calibrate_trigger__type_support_c.cpp.o
[12.562s] [ 64%] Linking CXX shared library libprp_project__rosidl_typesupport_fastrtps_c.so
[12.938s] [ 64%] Built target prp_project__rosidl_typesupport_fastrtps_c
[13.024s] [ 64%] Built target prp_project
[13.086s] [ 65%] Generating Python code for ROS interfaces
[14.835s] [ 65%] Built target prp_project__py
[14.883s] [ 67%] Building CXX object CMakeFiles/main.dir/src/main.cpp.o
[373.036s] [ 68%] Building CXX object CMakeFiles/main.dir/src/nodes/motor.cpp.o
[389.173s] [ 70%] Building CXX object CMakeFiles/main.dir/src/nodes/line.cpp.o
[401.132s] [ 71%] Building CXX object CMakeFiles/main.dir/src/nodes/imu_node.cpp.o
[413.433s] [ 73%] Building CXX object CMakeFiles/main.dir/src/loops/line_loop_bang.cpp.o
[426.486s] [ 74%] Building CXX object CMakeFiles/main.dir/src/algorithms/kinematics.cpp.o
[426.904s] [ 76%] Building CXX object CMakeFiles/main.dir/src/nodes/gamepad_node.cpp.o
[435.523s] [ 77%] Building CXX object CMakeFiles/main.dir/src/loops/line_loop_pid.cpp.o
[446.667s] [ 79%] Building CXX object CMakeFiles/main.dir/src/nodes/lidar_node.cpp.o
[457.644s] [ 80%] Building CXX object CMakeFiles/main.dir/src/loops/corridor_nav.cpp.o
[464.285s] /home/marek/bpc-prp-drochecmara/src/loops/corridor_nav.cpp: In member function ‘void loops::CorridorNav::state_machine()’:
[464.292s] /home/marek/bpc-prp-drochecmara/src/loops/corridor_nav.cpp:37:26: error: ‘normalize_angle’ was not declared in this scope
[464.292s]    37 |         auto error_yaw = normalize_angle(set_yaw_ - yaw_estimate_);
[464.293s]       |                          ^~~~~~~~~~~~~~~
[464.308s] /home/marek/bpc-prp-drochecmara/src/loops/corridor_nav.cpp:58:21: error: ‘intersection_start_encoders_’ was not declared in this scope
[464.308s]    58 |                     intersection_start_encoders_ = current_encoders_;
[464.309s]       |                     ^~~~~~~~~~~~~~~~~~~~~~~~~~~~
[464.309s] /home/marek/bpc-prp-drochecmara/src/loops/corridor_nav.cpp:88:49: error: no matching function for call to ‘algorithms::Pid::step(float&)’
[464.309s]    88 |                 cmd_vel_.w = pid_centering_.step(error_lidar);
[464.309s]       |                              ~~~~~~~~~~~~~~~~~~~^~~~~~~~~~~~~
[464.309s] In file included from /home/marek/bpc-prp-drochecmara/include/loops/corridor_nav.hpp:16,
[464.310s]                  from /home/marek/bpc-prp-drochecmara/src/loops/corridor_nav.cpp:1:
[464.310s] /home/marek/bpc-prp-drochecmara/include/algorithms/pid.hpp:18:16: note: candidate: ‘double algorithms::Pid::step(double, double)’
[464.310s]    18 |         double step(double error,double dt) {
[464.310s]       |                ^~~~
[464.310s] /home/marek/bpc-prp-drochecmara/include/algorithms/pid.hpp:18:16: note:   candidate expects 2 arguments, 1 provided
[464.321s] /home/marek/bpc-prp-drochecmara/src/loops/corridor_nav.cpp:98:21: error: ‘statestop’ was not declared in this scope
[464.321s]    98 |                     statestop) {
[464.322s]       |                     ^~~~~~~~~
[464.346s] /home/marek/bpc-prp-drochecmara/src/loops/corridor_nav.cpp:103:54: error: ‘intersection_start_encoders_’ was not declared in this scope
[464.346s]   103 |                 if (calculate_distance_from_encoders(intersection_start_encoders_, current_encoders_) >= 0.15) {
[464.346s]       |                                                      ^~~~~~~~~~~~~~~~~~~~~~~~~~~~
[464.358s] /home/marek/bpc-prp-drochecmara/src/loops/corridor_nav.cpp:209:45: error: qualified-id in declaration before ‘(’ token
[464.358s]   209 |     void CorridorNav::send_calibrate_trigger(){
[464.358s]       |                                             ^
[464.358s] /home/marek/bpc-prp-drochecmara/src/loops/corridor_nav.cpp:214:37: error: qualified-id in declaration before ‘(’ token
[464.359s]   214 |     void CorridorNav::send_reset_yaw(){
[464.359s]       |                                     ^
[464.359s] /home/marek/bpc-prp-drochecmara/src/loops/corridor_nav.cpp:219:40: error: qualified-id in declaration before ‘(’ token
[464.359s]   219 |     void CorridorNav::button_cmd_handle(
[464.359s]       |                                        ^
[464.359s] /home/marek/bpc-prp-drochecmara/src/loops/corridor_nav.cpp:244:38: error: qualified-id in declaration before ‘(’ token
[464.359s]   244 |     void CorridorNav::publish_cmd_vel(){
[464.359s]       |                                      ^
[464.359s] /home/marek/bpc-prp-drochecmara/src/loops/corridor_nav.cpp:250:41: error: qualified-id in declaration before ‘(’ token
[464.359s]   250 |     void CorridorNav::range_est_callback(std_msgs::msg::Float32MultiArray::SharedPtr msg) {
[464.359s]       |                                         ^
[464.360s] /home/marek/bpc-prp-drochecmara/src/loops/corridor_nav.cpp:254:39: error: qualified-id in declaration before ‘(’ token
[464.360s]   254 |     void CorridorNav::yaw_est_callback(std_msgs::msg::Float32::SharedPtr msg) {
[464.360s]       |                                       ^
[464.360s] /home/marek/bpc-prp-drochecmara/src/loops/corridor_nav.cpp:258:40: error: qualified-id in declaration before ‘(’ token
[464.360s]   258 |     void CorridorNav::encoders_callback(std_msgs::msg::UInt32MultiArray::SharedPtr msg) {
[464.360s]       |                                        ^
[464.360s] /home/marek/bpc-prp-drochecmara/src/loops/corridor_nav.cpp:265:41: error: qualified-id in declaration before ‘(’ token
[464.361s]   265 |     void CorridorNav::set_state_callback(std_msgs::msg::UInt8::SharedPtr msg) {
[464.361s]       |                                         ^
[464.361s] /home/marek/bpc-prp-drochecmara/src/loops/corridor_nav.cpp:272:48: error: qualified-id in declaration before ‘(’ token
[464.361s]   272 |     void CorridorNav::encoder_distance_callback(std_msgs::msg::Float32::SharedPtr msg) {
[464.361s]       |                                                ^
[464.361s] /home/marek/bpc-prp-drochecmara/src/loops/corridor_nav.cpp: At global scope:
[464.361s] /home/marek/bpc-prp-drochecmara/src/loops/corridor_nav.cpp:276:2: error: expected ‘}’ at end of input
[464.362s]   276 | }
[464.362s]       |  ^
[464.362s] /home/marek/bpc-prp-drochecmara/src/loops/corridor_nav.cpp:8:17: note: to match this ‘{’
[464.362s]     8 | namespace loops {
[464.362s]       |                 ^
[484.101s] gmake[2]: *** [CMakeFiles/main.dir/build.make:216: CMakeFiles/main.dir/src/loops/corridor_nav.cpp.o] Error 1
[484.135s] gmake[1]: *** [CMakeFiles/Makefile2:630: CMakeFiles/main.dir/all] Error 2
[484.164s] gmake: *** [Makefile:146: all] Error 2
[484.479s] Invoked command in '/home/marek/bpc-prp-drochecmara/build/prp_project' returned '2': CMAKE_PREFIX_PATH=/opt/ros/humble /usr/bin/cmake --build /home/marek/bpc-prp-drochecmara/build/prp_project -- -j4 -l4
