[1.452s] DEBUG:colcon:Command line arguments: ['/usr/bin/colcon', 'build', '--packages-select', 'prp_project']
[1.453s] DEBUG:colcon:Parsed command line arguments: Namespace(log_base=None, log_level=None, verb_name='build', build_base='build', install_base='install', merge_install=False, symlink_install=False, test_result_base=None, continue_on_error=False, executor='parallel', parallel_workers=4, event_handlers=None, ignore_user_meta=False, metas=['./colcon.meta'], base_paths=['.'], packages_ignore=None, packages_ignore_regex=None, paths=None, packages_up_to=None, packages_up_to_regex=None, packages_above=None, packages_above_and_dependencies=None, packages_above_depth=None, packages_select_by_dep=None, packages_skip_by_dep=None, packages_skip_up_to=None, packages_select_build_failed=False, packages_skip_build_finished=False, packages_select_test_failures=False, packages_skip_test_passed=False, packages_select=['prp_project'], packages_skip=None, packages_select_regex=None, packages_skip_regex=None, packages_start=None, packages_end=None, allow_overriding=[], cmake_args=None, cmake_target=None, cmake_target_skip_unavailable=False, cmake_clean_cache=False, cmake_clean_first=False, cmake_force_configure=False, ament_cmake_args=None, catkin_cmake_args=None, catkin_skip_building_tests=False, mixin_files=None, mixin=None, verb_parser=<colcon_mixin.mixin.mixin_argument.MixinArgumentDecorator object at 0x7850e9a25ea0>, verb_extension=<colcon_core.verb.build.BuildVerb object at 0x7850e9a258d0>, main=<bound method BuildVerb.main of <colcon_core.verb.build.BuildVerb object at 0x7850e9a258d0>>, mixin_verb=('build',))
[2.743s] Level 1:colcon.colcon_core.package_discovery:discover_packages(colcon_meta) check parameters
[2.744s] Level 1:colcon.colcon_core.package_discovery:discover_packages(recursive) check parameters
[2.744s] Level 1:colcon.colcon_core.package_discovery:discover_packages(ignore) check parameters
[2.744s] Level 1:colcon.colcon_core.package_discovery:discover_packages(path) check parameters
[2.744s] Level 1:colcon.colcon_core.package_discovery:discover_packages(colcon_meta) discover
[2.744s] Level 1:colcon.colcon_core.package_discovery:discover_packages(recursive) discover
[2.744s] INFO:colcon.colcon_core.package_discovery:Crawling recursively for packages in '/home/marek/bpc-prp-drochecmara'
[2.745s] Level 1:colcon.colcon_core.package_identification:_identify(.) by extensions ['ignore', 'ignore_ament_install']
[2.745s] Level 1:colcon.colcon_core.package_identification:_identify(.) by extension 'ignore'
[2.745s] Level 1:colcon.colcon_core.package_identification:_identify(.) by extension 'ignore_ament_install'
[2.745s] Level 1:colcon.colcon_core.package_identification:_identify(.) by extensions ['colcon_pkg']
[2.745s] Level 1:colcon.colcon_core.package_identification:_identify(.) by extension 'colcon_pkg'
[2.746s] Level 1:colcon.colcon_core.package_identification:_identify(.) by extensions ['colcon_meta']
[2.746s] Level 1:colcon.colcon_core.package_identification:_identify(.) by extension 'colcon_meta'
[2.746s] Level 1:colcon.colcon_core.package_identification:_identify(.) by extensions ['ros']
[2.746s] Level 1:colcon.colcon_core.package_identification:_identify(.) by extension 'ros'
[2.838s] DEBUG:colcon.colcon_core.package_identification:Package '.' with type 'ros.ament_cmake' and name 'prp_project'
[2.838s] Level 1:colcon.colcon_core.package_discovery:discover_packages(recursive) using defaults
[2.839s] Level 1:colcon.colcon_core.package_discovery:discover_packages(ignore) discover
[2.839s] Level 1:colcon.colcon_core.package_discovery:discover_packages(ignore) using defaults
[2.839s] Level 1:colcon.colcon_core.package_discovery:discover_packages(path) discover
[2.839s] Level 1:colcon.colcon_core.package_discovery:discover_packages(path) using defaults
[2.983s] Level 1:colcon.colcon_core.package_discovery:discover_packages(prefix_path) check parameters
[2.983s] Level 1:colcon.colcon_core.package_discovery:discover_packages(prefix_path) discover
[3.003s] DEBUG:colcon.colcon_installed_package_information.package_discovery:Found 276 installed packages in /opt/ros/humble
[3.008s] Level 1:colcon.colcon_core.package_discovery:discover_packages(prefix_path) using defaults
[3.365s] Level 5:colcon.colcon_core.verb:set package 'prp_project' build argument 'cmake_args' from command line to 'None'
[3.365s] Level 5:colcon.colcon_core.verb:set package 'prp_project' build argument 'cmake_target' from command line to 'None'
[3.365s] Level 5:colcon.colcon_core.verb:set package 'prp_project' build argument 'cmake_target_skip_unavailable' from command line to 'False'
[3.365s] Level 5:colcon.colcon_core.verb:set package 'prp_project' build argument 'cmake_clean_cache' from command line to 'False'
[3.365s] Level 5:colcon.colcon_core.verb:set package 'prp_project' build argument 'cmake_clean_first' from command line to 'False'
[3.365s] Level 5:colcon.colcon_core.verb:set package 'prp_project' build argument 'cmake_force_configure' from command line to 'False'
[3.365s] Level 5:colcon.colcon_core.verb:set package 'prp_project' build argument 'ament_cmake_args' from command line to 'None'
[3.365s] Level 5:colcon.colcon_core.verb:set package 'prp_project' build argument 'catkin_cmake_args' from command line to 'None'
[3.365s] Level 5:colcon.colcon_core.verb:set package 'prp_project' build argument 'catkin_skip_building_tests' from command line to 'False'
[3.365s] DEBUG:colcon.colcon_core.verb:Building package 'prp_project' with the following arguments: {'ament_cmake_args': None, 'build_base': '/home/marek/bpc-prp-drochecmara/build/prp_project', 'catkin_cmake_args': None, 'catkin_skip_building_tests': False, 'cmake_args': None, 'cmake_clean_cache': False, 'cmake_clean_first': False, 'cmake_force_configure': False, 'cmake_target': None, 'cmake_target_skip_unavailable': False, 'install_base': '/home/marek/bpc-prp-drochecmara/install/prp_project', 'merge_install': False, 'path': '/home/marek/bpc-prp-drochecmara', 'symlink_install': False, 'test_result_base': None}
[3.366s] INFO:colcon.colcon_core.executor:Executing jobs using 'parallel' executor
[3.368s] DEBUG:colcon.colcon_parallel_executor.executor.parallel:run_until_complete
[3.372s] INFO:colcon.colcon_ros.task.ament_cmake.build:Building ROS package in '/home/marek/bpc-prp-drochecmara' with build type 'ament_cmake'
[3.373s] INFO:colcon.colcon_cmake.task.cmake.build:Building CMake package in '/home/marek/bpc-prp-drochecmara'
[3.393s] INFO:colcon.colcon_core.plugin_system:Skipping extension 'colcon_core.shell.bat': Not used on non-Windows systems
[3.394s] INFO:colcon.colcon_core.shell:Skip shell extension 'powershell' for command environment: Not usable outside of PowerShell
[3.394s] DEBUG:colcon.colcon_core.shell:Skip shell extension 'dsv' for command environment
[3.438s] DEBUG:colcon.colcon_core.event_handler.log_command:Invoking command in '/home/marek/bpc-prp-drochecmara/build/prp_project': CMAKE_PREFIX_PATH=/opt/ros/humble /usr/bin/cmake /home/marek/bpc-prp-drochecmara -DCMAKE_INSTALL_PREFIX=/home/marek/bpc-prp-drochecmara/install/prp_project
[12.364s] DEBUG:colcon.colcon_core.event_handler.log_command:Invoked command in '/home/marek/bpc-prp-drochecmara/build/prp_project' returned '0': CMAKE_PREFIX_PATH=/opt/ros/humble /usr/bin/cmake /home/marek/bpc-prp-drochecmara -DCMAKE_INSTALL_PREFIX=/home/marek/bpc-prp-drochecmara/install/prp_project
[12.377s] DEBUG:colcon.colcon_core.event_handler.log_command:Invoking command in '/home/marek/bpc-prp-drochecmara/build/prp_project': CMAKE_PREFIX_PATH=/opt/ros/humble /usr/bin/cmake --build /home/marek/bpc-prp-drochecmara/build/prp_project -- -j4 -l4
[60.510s] DEBUG:colcon.colcon_core.event_handler.log_command:Invoked command in '/home/marek/bpc-prp-drochecmara/build/prp_project' returned '2': CMAKE_PREFIX_PATH=/opt/ros/humble /usr/bin/cmake --build /home/marek/bpc-prp-drochecmara/build/prp_project -- -j4 -l4
[60.735s] Level 1:colcon.colcon_core.environment:create_environment_scripts_only(prp_project)
[60.852s] Level 1:colcon.colcon_core.environment:checking '/home/marek/bpc-prp-drochecmara/install/prp_project' for CMake module files
[60.858s] Level 1:colcon.colcon_core.environment:checking '/home/marek/bpc-prp-drochecmara/install/prp_project' for CMake config files
[60.864s] Level 1:colcon.colcon_core.environment:checking '/home/marek/bpc-prp-drochecmara/install/prp_project/bin'
[60.864s] Level 1:colcon.colcon_core.environment:checking '/home/marek/bpc-prp-drochecmara/install/prp_project/lib/pkgconfig/prp_project.pc'
[60.891s] Level 1:colcon.colcon_core.environment:checking '/home/marek/bpc-prp-drochecmara/install/prp_project/lib/python3.10/site-packages'
[60.892s] Level 1:colcon.colcon_core.environment:checking '/home/marek/bpc-prp-drochecmara/install/prp_project/bin'
[60.897s] INFO:colcon.colcon_core.shell:Creating package script '/home/marek/bpc-prp-drochecmara/install/prp_project/share/prp_project/package.ps1'
[60.944s] INFO:colcon.colcon_core.shell:Creating package descriptor '/home/marek/bpc-prp-drochecmara/install/prp_project/share/prp_project/package.dsv'
[60.954s] INFO:colcon.colcon_core.shell:Creating package script '/home/marek/bpc-prp-drochecmara/install/prp_project/share/prp_project/package.sh'
[60.961s] INFO:colcon.colcon_core.shell:Creating package script '/home/marek/bpc-prp-drochecmara/install/prp_project/share/prp_project/package.bash'
[60.975s] INFO:colcon.colcon_core.shell:Creating package script '/home/marek/bpc-prp-drochecmara/install/prp_project/share/prp_project/package.zsh'
[60.985s] Level 1:colcon.colcon_core.environment:create_file_with_runtime_dependencies(/home/marek/bpc-prp-drochecmara/install/prp_project/share/colcon-core/packages/prp_project)
[61.010s] DEBUG:colcon.colcon_parallel_executor.executor.parallel:closing loop
[61.014s] DEBUG:colcon.colcon_parallel_executor.executor.parallel:loop closed
[61.016s] DEBUG:colcon.colcon_parallel_executor.executor.parallel:run_until_complete finished with '2'
[61.019s] DEBUG:colcon.colcon_core.event_reactor:joining thread
[61.156s] INFO:colcon.colcon_core.plugin_system:Skipping extension 'colcon_notification.desktop_notification.terminal_notifier': Not used on non-Darwin systems
[61.157s] INFO:colcon.colcon_core.plugin_system:Skipping extension 'colcon_notification.desktop_notification.win32': Not used on non-Windows systems
[61.159s] INFO:colcon.colcon_notification.desktop_notification:Sending desktop notification using 'notify2'
[61.160s] DEBUG:colcon.colcon_notification.desktop_notification.notify2:Failed to initialize notify2: org.freedesktop.DBus.Error.AccessDenied: Failed to connect to socket /run/user/1000/bus: Operation not permitted
[61.162s] DEBUG:colcon.colcon_core.event_reactor:joined thread
[61.168s] INFO:colcon.colcon_core.shell:Creating prefix script '/home/marek/bpc-prp-drochecmara/install/local_setup.ps1'
[61.174s] INFO:colcon.colcon_core.shell:Creating prefix util module '/home/marek/bpc-prp-drochecmara/install/_local_setup_util_ps1.py'
[61.179s] INFO:colcon.colcon_core.shell:Creating prefix chain script '/home/marek/bpc-prp-drochecmara/install/setup.ps1'
[61.187s] INFO:colcon.colcon_core.shell:Creating prefix script '/home/marek/bpc-prp-drochecmara/install/local_setup.sh'
[61.191s] INFO:colcon.colcon_core.shell:Creating prefix util module '/home/marek/bpc-prp-drochecmara/install/_local_setup_util_sh.py'
[61.194s] INFO:colcon.colcon_core.shell:Creating prefix chain script '/home/marek/bpc-prp-drochecmara/install/setup.sh'
[61.197s] INFO:colcon.colcon_core.shell:Creating prefix script '/home/marek/bpc-prp-drochecmara/install/local_setup.bash'
[61.199s] INFO:colcon.colcon_core.shell:Creating prefix chain script '/home/marek/bpc-prp-drochecmara/install/setup.bash'
[61.202s] INFO:colcon.colcon_core.shell:Creating prefix script '/home/marek/bpc-prp-drochecmara/install/local_setup.zsh'
[61.204s] INFO:colcon.colcon_core.shell:Creating prefix chain script '/home/marek/bpc-prp-drochecmara/install/setup.zsh'
